---
source: crates/shuck-linter/src/rules/correctness/unicode_quote_in_string.rs
---
Diagnostics:
C072 a unicode smart quote appears inside a shell string
 --> <source>:3:6
  |
3 | echo “hello”
  |

C072 a unicode smart quote appears inside a shell string
 --> <source>:3:12
  |
3 | echo “hello”
  |


Applied fixes: 2

Diff:
--- before
+++ after
@@ -1,3 +1,3 @@
 #!/bin/sh
 # shellcheck disable=1110
-echo “hello”
+echo "hello"

Fixed source:
#!/bin/sh
# shellcheck disable=1110
echo "hello"

Remaining diagnostics:
<none>
