---
source: crates/shuck-linter/src/rules/correctness/mod.rs
---
C107 test the command directly instead of reading its status back from `$?`
 --> <source>:5:6
  |
5 | if [ $? -ne 0 ]; then :; fi
  |

C107 test the command directly instead of reading its status back from `$?`
 --> <source>:8:4
  |
8 | [[ $? -ne 0 ]]
  |

C107 test the command directly instead of reading its status back from `$?`
  --> <source>:10:10
   |
10 | run && [ $? -eq 0 ]
   |

C107 test the command directly instead of reading its status back from `$?`
  --> <source>:12:10
   |
12 | run || [ $? -ne 0 ]
   |

C107 test the command directly instead of reading its status back from `$?`
  --> <source>:14:5
   |
14 | { [ $? -ne 0 ]; }
   |

C107 test the command directly instead of reading its status back from `$?`
  --> <source>:18:5
   |
18 |   [ $? -ne 0 ]
   |

C107 test the command directly instead of reading its status back from `$?`
  --> <source>:19:12
   |
19 |   run && [ $? -ne 0 ]
   |

C107 test the command directly instead of reading its status back from `$?`
  --> <source>:23:5
   |
23 |   [ $? -ne 0 ]
   |
