---
source: crates/shuck-linter/src/rules/correctness/redirect_to_command_name.rs
---
Diagnostics:
C059 redirection target matches a command name; use a distinct file path
 --> <source>:3:17
  |
3 | cat input.txt > c99
  |

C059 redirection target matches a command name; use a distinct file path
 --> <source>:4:18
  |
4 | cat input.txt >> grep
  |

C059 redirection target matches a command name; use a distinct file path
 --> <source>:5:18
  |
5 | cat input.txt 2> sed
  |

C059 redirection target matches a command name; use a distinct file path
 --> <source>:6:17
  |
6 | cat input.txt < awk
  |

C059 redirection target matches a command name; use a distinct file path
 --> <source>:7:18
  |
7 | cat input.txt >| command
  |


Applied fixes: 5

Diff:
--- before
+++ after
@@ -1,10 +1,10 @@
 #!/bin/bash
 
-cat input.txt > c99
-cat input.txt >> grep
-cat input.txt 2> sed
-cat input.txt < awk
-cat input.txt >| command
+cat input.txt > ./c99
+cat input.txt >> ./grep
+cat input.txt 2> ./sed
+cat input.txt < ./awk
+cat input.txt >| ./command
 
 cat input.txt > "cat"
 cat input.txt > ./cat

Fixed source:
#!/bin/bash

cat input.txt > ./c99
cat input.txt >> ./grep
cat input.txt 2> ./sed
cat input.txt < ./awk
cat input.txt >| ./command

cat input.txt > "cat"
cat input.txt > ./cat
cat input.txt > /tmp/cat
cat input.txt > cat.txt
cat input.txt > "$name"
cat input.txt > ${name}
cat input.txt <<< cat
cat input.txt > true

Remaining diagnostics:
<none>
