---
source: crates/shuck-linter/src/rules/correctness/missing_done_in_for_loop.rs
assertion_line: 78
---
Diagnostics:
C142 this `for` loop is missing a closing `done`
 --> <source>:4:1
  |
  |


Applied fixes: 1

Diff:
--- before
+++ after
@@ -1,3 +1,4 @@
 #!/bin/sh
 for x in a; do
   echo "$x"
+done

Fixed source:
#!/bin/sh
for x in a; do
  echo "$x"
done

Remaining diagnostics:
<none>
