---
source: crates/shuck-linter/src/rules/correctness/mod.rs
assertion_line: 283
---
C099 all-elements array expansions collapse in scalar assignment values
 --> <source>:6:8
  |
6 | params="$@"
  |

C099 all-elements array expansions collapse in scalar assignment values
 --> <source>:7:8
  |
7 | params="${@}"
  |

C099 all-elements array expansions collapse in scalar assignment values
 --> <source>:8:8
  |
8 | params=${@:5}
  |

C099 all-elements array expansions collapse in scalar assignment values
 --> <source>:9:8
  |
9 | joined="${arr[@]}"
  |

C099 all-elements array expansions collapse in scalar assignment values
  --> <source>:10:10
   |
10 | fallback="${arr[@]:-fallback}"
   |

C099 all-elements array expansions collapse in scalar assignment values
  --> <source>:11:8
   |
11 | quoted="${arr[@]@Q}"
   |

C099 all-elements array expansions collapse in scalar assignment values
  --> <source>:12:8
   |
12 | flags+=" ${add_flags[@]}"
   |

C099 all-elements array expansions collapse in scalar assignment values
  --> <source>:13:15
   |
13 | targets[$key]="${items[@]}"
   |

C099 all-elements array expansions collapse in scalar assignment values
  --> <source>:14:9
   |
14 | CFLAGS+=" ${add_flags[@]}" make
   |

C099 all-elements array expansions collapse in scalar assignment values
  --> <source>:15:9
   |
15 | escaped="\\$@"
   |

C099 all-elements array expansions collapse in scalar assignment values
  --> <source>:16:15
   |
16 | escaped_slice="\\${@:2}"
   |

C099 all-elements array expansions collapse in scalar assignment values
  --> <source>:17:18
   |
17 | declare declared="$@"
   |

C099 all-elements array expansions collapse in scalar assignment values
  --> <source>:18:17
   |
18 | readonly packed=${arr[@]}
   |

C099 all-elements array expansions collapse in scalar assignment values
  --> <source>:21:8
   |
21 | params="${@:5}"
   |

C099 all-elements array expansions collapse in scalar assignment values
  --> <source>:22:8
   |
22 | joined="prefix${@:2}suffix"
   |

C099 all-elements array expansions collapse in scalar assignment values
  --> <source>:23:18
   |
23 | declare declared="${arr[@]:1}"
   |

C099 all-elements array expansions collapse in scalar assignment values
  --> <source>:24:17
   |
24 | readonly packed="${arr[@]:1:2}"
   |

C099 all-elements array expansions collapse in scalar assignment values
  --> <source>:27:16
   |
27 |   local nested="${@:3}"
   |
