---
source: crates/shuck-linter/src/rules/correctness/mod.rs
---
C061 this token is being treated as a command name, but it looks more like stray text
 --> <source>:3:1
  |
3 | "$root/pkg/{{name}}/bin/{{cmd}}" "$@"
  |

C061 this token is being treated as a command name, but it looks more like stray text
 --> <source>:9:1
  |
9 | "$root/bin/{{"
  |

C061 this token is being treated as a command name, but it looks more like stray text
  --> <source>:10:1
   |
10 | "$root/bin/}}"
   |
