---
source: crates/shuck-linter/src/rules/correctness/mod.rs
---
C150 assignment to `count` only changes the subshell copy
 --> <source>:5:2
  |
5 | (count=1)
  |

C150 assignment to `items` only changes the subshell copy
 --> <source>:9:2
  |
9 | (items=new)
  |

C150 assignment to `count` only changes the subshell copy
  --> <source>:14:39
   |
14 | printf '%s\n' x | while read -r _; do count=1; done
   |
