---
source: crates/shuck-linter/src/rules/correctness/mod.rs
---
C155 `count` may still resolve to the outer-shell value here
 --> <source>:5:7
  |
5 | echo "$count"
  |

C155 `value` may still resolve to the outer-shell value here
 --> <source>:9:16
  |
9 | printf '%s\n' "$value"
  |

C155 `path_prefix` may still resolve to the outer-shell value here
  --> <source>:14:8
   |
14 | export path_prefix="$HOME/bin:$path_prefix"
   |

C155 `path_prefix` may still resolve to the outer-shell value here
  --> <source>:14:31
   |
14 | export path_prefix="$HOME/bin:$path_prefix"
   |
