---
source: crates/shuck-linter/src/rules/correctness/mod.rs
assertion_line: 286
---
C010 chaining `&&` and `||` makes the fallback depend on the middle command status
  --> <source>:19:16
   |
19 | [ "$x" = foo ] && printf '%s\n' yes || rm -f no
   |

C010 chaining `&&` and `||` makes the fallback depend on the middle command status
  --> <source>:20:13
   |
20 | check_ready && log_ok || log_fail
   |
