---
source: crates/shuck-linter/src/rules/correctness/mod.rs
---
C133 a variable name switches from array-like use to a plain scalar assignment
 --> <source>:5:1
  |
5 | exts="${exts[*]}"
  |

C133 a variable name switches from array-like use to a plain scalar assignment
  --> <source>:10:1
   |
10 | items="${items[0]}"
   |

C133 a variable name switches from array-like use to a plain scalar assignment
  --> <source>:15:9
   |
15 |   local exts="archive"
   |
