---
source: crates/shuck-linter/src/rules/correctness/at_sign_in_string_compare.rs
assertion_line: 176
---
Diagnostics:
C111 positional-parameter at-splats fold arguments when used as test operands
 --> <source>:5:9
  |
5 | if [ -z "$@" ]; then :; fi
  |

C111 positional-parameter at-splats fold arguments when used as test operands
 --> <source>:6:12
  |
6 | if test -n "${@:-fallback}"; then :; fi
  |

C111 positional-parameter at-splats fold arguments when used as test operands
 --> <source>:7:9
  |
7 | if [ -d "$@" ]; then :; fi
  |

C111 positional-parameter at-splats fold arguments when used as test operands
 --> <source>:8:6
  |
8 | if [ "_$@" = "_--version" ]; then :; fi
  |

C111 positional-parameter at-splats fold arguments when used as test operands
 --> <source>:9:6
  |
9 | if [ "$@" = "--version" ]; then :; fi
  |

C111 positional-parameter at-splats fold arguments when used as test operands
  --> <source>:10:16
   |
10 | if [ -n foo -a "${@:-lhs}" = "${@:-rhs}" ]; then :; fi
   |

C111 positional-parameter at-splats fold arguments when used as test operands
  --> <source>:10:30
   |
10 | if [ -n foo -a "${@:-lhs}" = "${@:-rhs}" ]; then :; fi
   |

C111 positional-parameter at-splats fold arguments when used as test operands
  --> <source>:11:9
   |
11 | if [ -d "$@" -o "${@:-fallback}" = "x" ]; then :; fi
   |

C111 positional-parameter at-splats fold arguments when used as test operands
  --> <source>:11:17
   |
11 | if [ -d "$@" -o "${@:-fallback}" = "x" ]; then :; fi
   |


Applied fixes: 9

Diff:
--- before
+++ after
@@ -2,13 +2,13 @@
 set -- a b
 
 # Invalid: positional @ expansion used as a [ ] or test operand.
-if [ -z "$@" ]; then :; fi
-if test -n "${@:-fallback}"; then :; fi
-if [ -d "$@" ]; then :; fi
-if [ "_$@" = "_--version" ]; then :; fi
-if [ "$@" = "--version" ]; then :; fi
-if [ -n foo -a "${@:-lhs}" = "${@:-rhs}" ]; then :; fi
-if [ -d "$@" -o "${@:-fallback}" = "x" ]; then :; fi
+if [ -z "$*" ]; then :; fi
+if test -n "${*:-fallback}"; then :; fi
+if [ -d "$*" ]; then :; fi
+if [ "_$*" = "_--version" ]; then :; fi
+if [ "$*" = "--version" ]; then :; fi
+if [ -n foo -a "${*:-lhs}" = "${*:-rhs}" ]; then :; fi
+if [ -d "$*" -o "${*:-fallback}" = "x" ]; then :; fi
 
 # Valid: truthy tests, non-positional uses, and double-bracket comparisons.
 if [ "$@" ]; then :; fi

Fixed source:
#!/bin/bash
set -- a b

# Invalid: positional @ expansion used as a [ ] or test operand.
if [ -z "$*" ]; then :; fi
if test -n "${*:-fallback}"; then :; fi
if [ -d "$*" ]; then :; fi
if [ "_$*" = "_--version" ]; then :; fi
if [ "$*" = "--version" ]; then :; fi
if [ -n foo -a "${*:-lhs}" = "${*:-rhs}" ]; then :; fi
if [ -d "$*" -o "${*:-fallback}" = "x" ]; then :; fi

# Valid: truthy tests, non-positional uses, and double-bracket comparisons.
if [ "$@" ]; then :; fi
if [ "_$*" = "_--version" ]; then :; fi
if [ -d "${arr[@]}" ]; then :; fi
if [ "_${arr[@]}" = "_x" ]; then :; fi
if [[ "_$@" == "_--version" ]]; then :; fi
if [[ "\$@" == "x" ]]; then :; fi

Remaining diagnostics:
<none>
