---
source: crates/shuck-linter/src/rules/correctness/mod.rs
---
C057 command substitution redirects its output away
 --> <source>:4:17
  |
4 | out=$(printf hi > out.txt)
  |

C057 command substitution redirects its output away
 --> <source>:7:17
  |
7 | out=$(printf hi >&2)
  |

C057 command substitution redirects its output away
  --> <source>:10:22
   |
10 | out=$({ printf hi; } >/dev/tty)
   |
