---
source: crates/shuck-linter/src/rules/correctness/mod.rs
assertion_line: 286
---
C002 source path is built at runtime
 --> <source>:6:3
  |
6 | . "$lib"
  |

C002 source path is built at runtime
 --> <source>:9:3
  |
9 | . "$lib".generated
  |

C002 source path is built at runtime
  --> <source>:12:3
   |
12 | . ~/.bashrc
   |
