---
source: crates/shuck-linter/src/rules/correctness/mod.rs
---
C086 use `-lt`/`-gt` instead of `<`/`>` for numeric comparisons
 --> <source>:4:14
  |
4 | [ "$version" > "10" ]
  |

C086 use `-lt`/`-gt` instead of `<`/`>` for numeric comparisons
 --> <source>:5:14
  |
5 | [ "$version" < 10 ]
  |

C086 use `-lt`/`-gt` instead of `<`/`>` for numeric comparisons
 --> <source>:8:5
  |
8 | [ 1 > 2 ]
  |

C086 use `-lt`/`-gt` instead of `<`/`>` for numeric comparisons
 --> <source>:9:11
  |
9 | [[ $count > 10 ]]
  |

C086 use `-lt`/`-gt` instead of `<`/`>` for numeric comparisons
  --> <source>:10:13
   |
10 | [[ "$count" < 1 ]]
   |
