---
source: crates/shuck-linter/src/rules/correctness/mod.rs
---
C007 raw `find` output piped to `xargs` can break on whitespace
 --> <source>:4:1
  |
4 | find . -name '*.txt' | xargs rm
  |

C007 raw `find` output piped to `xargs` can break on whitespace
  --> <source>:10:1
   |
10 | find "$pkg" -print0 | xargs rm
   |

C007 raw `find` output piped to `xargs` can break on whitespace
  --> <source>:13:11
   |
13 | summary=$(find . -type f | xargs wc -l)
   |
