---
source: crates/shuck-linter/src/rules/correctness/mod.rs
assertion_line: 285
---
C019 this string test checks a fixed literal
 --> <source>:4:6
  |
4 | [ -z foo ]
  |

C019 this string test checks a fixed literal
 --> <source>:5:9
  |
5 | test -n bar
  |

C019 this string test checks a fixed literal
 --> <source>:6:7
  |
6 | [[ -z baz ]]
  |

C019 this string test checks a fixed literal
 --> <source>:7:21
  |
7 | [ -z "${rootfs_path}_path" ]
  |
