---
source: crates/shuck-linter/src/rules/correctness/mod.rs
assertion_line: 286
---
C108 quote `unset` array-subscript operands so bracket text stays literal
 --> <source>:7:7
  |
7 | unset parts["one"]
  |

C108 quote `unset` array-subscript operands so bracket text stays literal
 --> <source>:8:7
  |
8 | unset parts['two']
  |

C108 quote `unset` array-subscript operands so bracket text stays literal
  --> <source>:10:7
   |
10 | unset parts[$key]
   |

C108 quote `unset` array-subscript operands so bracket text stays literal
  --> <source>:11:7
   |
11 | unset parts["$key"]
   |

C108 quote `unset` array-subscript operands so bracket text stays literal
  --> <source>:20:7
   |
20 | unset nums[1]
   |

C108 quote `unset` array-subscript operands so bracket text stays literal
  --> <source>:21:7
   |
21 | unset nums["1"]
   |
