---
source: crates/shuck-linter/src/rules/correctness/mod.rs
---
C020 this test checks a fixed literal instead of runtime data
 --> <source>:4:3
  |
4 | [ 1 ]
  |

C020 this test checks a fixed literal instead of runtime data
 --> <source>:5:3
  |
5 | [ "" ]
  |

C020 this test checks a fixed literal instead of runtime data
 --> <source>:6:4
  |
6 | [[ x ]]
  |
