---
source: crates/shuck-linter/src/rules/correctness/mod.rs
---
C023 this arithmetic literal is not valid octal
 --> <source>:3:6
  |
3 | : $((08))
  |

C023 this arithmetic literal is not valid octal
 --> <source>:4:6
  |
4 | : $((009 + 010 + 000))
  |

C023 this arithmetic literal is not valid octal
 --> <source>:6:8
  |
6 | values[018]=x
  |

C023 this arithmetic literal is not valid octal
  --> <source>:11:24
   |
11 | printf '%s\n' "${value:018:1}"
   |
