---
source: crates/shuck-linter/src/rules/correctness/backslash_before_closing_backtick.rs
assertion_line: 163
---
Diagnostics:
C069 remove the escaped trailing space before closing backtick
 --> <source>:3:29
  |
3 | ARCH=`uname -a | cut -f12 -d\ `
  |


Applied fixes: 1

Diff:
--- before
+++ after
@@ -1,4 +1,4 @@
 #!/bin/bash
 # shellcheck disable=2006
-ARCH=`uname -a | cut -f12 -d\ `
+ARCH=`uname -a | cut -f12 -d `
 echo "$ARCH"

Fixed source:
#!/bin/bash
# shellcheck disable=2006
ARCH=`uname -a | cut -f12 -d `
echo "$ARCH"

Remaining diagnostics:
<none>
