---
source: crates/shuck-linter/src/rules/correctness/mod.rs
---
C003 sourced file is not available to this analysis
 --> <source>:4:3
  |
4 | . ./missing.sh
  |

C003 sourced file is not available to this analysis
 --> <source>:8:3
  |
8 | . "$generated_helper"
  |

C003 sourced file is not available to this analysis
  --> <source>:11:3
   |
11 | . "~/.bashrc"
   |

C003 sourced file is not available to this analysis
  --> <source>:14:3
   |
14 | . \~/.bashrc
   |
