0:0 11 comment "#!/bin/bash"
1:0 59 comment "# Exercises every construct the semantic token walk covers."
2:0 3 shellCommand[defaultLibrary] "set"
2:4 4 shellOption "-euo"
4:0 8 keyword "readonly"
4:9 5 variable[declaration,readonly] "LIMIT"
4:15 1 number "3"
5:0 6 keyword "export"
5:7 6 variable[declaration,static] "PREFIX"
5:14 11 string "\"/opt/tool\""
5:26 18 comment "# trailing comment"
6:0 7 keyword "declare"
6:8 3 shellOption "-rx"
6:12 4 variable[declaration,readonly,static] "FLAG"
6:17 1 number "1"
6:19 3 variable[declaration,readonly,static] "arr"
6:23 1 operator "("
6:24 1 operator "["
6:25 1 variable "k"
6:26 1 operator "]"
6:30 1 operator "["
6:31 1 number "2"
6:32 1 operator "]"
6:35 1 operator ")"
7:0 7 keyword "typeset"
7:8 2 shellOption "-f"
7:11 5 function "greet"
8:0 5 shellCommand[defaultLibrary] "unset"
10:0 5 function[declaration,definition] "greet"
10:5 2 operator "()"
11:2 5 keyword "local"
11:8 4 variable[declaration] "name"
11:13 2 operator "${"
11:15 1 parameter "1"
11:16 2 operator ":-"
11:23 1 operator "}"
11:25 5 variable[declaration] "count"
11:31 1 number "0"
12:2 4 shellCommand[defaultLibrary] "echo"
12:7 7 string "\"hello "
12:14 5 variable "$name"
12:19 2 string ", "
12:21 2 operator "${"
12:23 4 variable "name"
12:27 1 operator "^"
12:28 1 operator "}"
12:29 2 string ", "
12:31 2 operator "${"
12:33 1 operator "#"
12:34 4 variable "name"
12:38 1 operator "}"
12:39 2 string ", "
12:41 2 operator "${"
12:43 4 variable "name"
12:47 2 operator "//"
12:50 1 operator "/"
12:52 1 operator "}"
12:53 2 string ", "
12:55 2 operator "$("
12:57 4 shellCommand "date"
12:65 1 operator ")"
12:66 2 string ", "
12:68 3 operator "$(("
12:71 5 variable "count"
12:77 1 operator "+"
12:79 1 number "1"
12:80 2 operator "))"
12:82 1 string "\""
13:2 4 shellCommand[defaultLibrary] "echo"
13:7 16 string "'single $quoted'"
13:24 9 string "$'ansi\\n'"
13:34 13 string "\"héllo wörld\""
14:2 6 keyword "return"
14:9 1 number "0"
17:0 8 keyword "function"
17:9 5 function[declaration,definition] "twice"
18:2 5 shellCommand "greet"
18:8 1 string "\""
18:9 2 parameter[defaultLibrary] "$@"
18:11 1 string "\""
18:13 2 operator "&&"
18:16 5 shellCommand "greet"
18:22 1 string "\""
18:23 2 parameter[defaultLibrary] "$*"
18:25 1 string "\""
18:27 2 operator "||"
18:30 4 keyword "exit"
18:35 1 number "1"
19:2 4 shellCommand[defaultLibrary] "echo"
19:7 1 string "\""
19:8 2 parameter[defaultLibrary] "$?"
19:10 1 string " "
19:11 2 parameter[defaultLibrary] "$$"
19:13 1 string " "
19:14 2 parameter[defaultLibrary] "$!"
19:16 1 string " "
19:17 2 parameter[defaultLibrary] "$-"
19:19 1 string " "
19:20 2 parameter[defaultLibrary] "$_"
19:22 1 string " "
19:23 2 parameter[defaultLibrary] "$0"
19:25 1 string " "
19:26 2 parameter[defaultLibrary] "$#"
19:28 1 string "\""
19:30 1 operator "|"
19:32 3 shellCommand "cat"
20:2 6 shellCommand[defaultLibrary] "printf"
20:9 6 string "'%s\\n'"
20:16 1 string "\""
20:17 2 operator "${"
20:19 3 variable "arr"
20:22 1 operator "["
20:23 1 operator "@"
20:24 1 operator "]"
20:25 1 operator "}"
20:26 1 string "\""
20:28 1 string "\""
20:29 2 operator "${"
20:31 3 variable "arr"
20:34 1 operator "["
20:35 1 number "1"
20:36 1 operator "]"
20:37 1 operator "}"
20:38 1 string "\""
20:40 1 string "\""
20:41 2 operator "${"
20:43 1 operator "!"
20:44 3 variable "arr"
20:47 1 operator "["
20:48 1 operator "@"
20:49 1 operator "]"
20:50 1 operator "}"
20:51 1 string "\""
20:53 1 string "\""
20:54 3 operator "${!"
20:57 3 variable "PRE"
20:60 2 operator "@}"
20:62 1 string "\""
20:64 1 string "\""
20:65 2 operator "${"
20:67 6 variable "PREFIX"
20:73 1 operator ":"
20:74 1 number "1"
20:75 1 operator ":"
20:76 1 number "2"
20:77 1 operator "}"
20:78 1 string "\""
20:80 1 string "\""
20:81 2 operator "${"
20:83 4 variable "FLAG"
20:87 2 operator "@Q"
20:89 1 operator "}"
20:90 1 string "\""
20:92 1 string "\""
20:93 2 operator "${"
20:95 1 operator "!"
20:96 3 variable "ref"
20:99 1 operator "}"
20:100 1 string "\""
23:0 2 keyword "if"
23:3 2 operator "[["
23:6 2 operator "-f"
23:9 1 string "\""
23:10 7 variable "$PREFIX"
23:17 5 string "/bin\""
23:23 2 operator "&&"
23:26 5 variable "$name"
23:32 2 operator "=="
23:36 1 operator "*"
23:38 2 operator "||"
23:41 1 operator "!"
23:43 1 operator "("
23:45 5 variable "$name"
23:51 2 operator "=~"
23:60 1 operator ")"
23:62 2 operator "]]"
23:66 4 keyword "then"
24:2 2 shellCommand "ls"
24:5 3 shellOption "-la"
24:9 7 shellOption "--color"
24:22 2 shellOption "--"
25:0 4 keyword "elif"
25:5 1 operator "["
25:7 2 operator "-z"
25:10 1 string "\""
25:11 5 variable "$name"
25:16 1 string "\""
25:18 2 operator "-a"
25:21 1 string "\""
25:22 6 variable "$count"
25:28 1 string "\""
25:30 3 operator "-eq"
25:34 1 number "5"
25:36 1 operator "]"
25:39 4 keyword "then"
26:2 28 comment "# a comment between branches"
27:2 5 shellCommand "sleep"
27:8 3 number "0.5"
28:0 4 keyword "else"
29:2 12 shellCommand "missing_tool"
29:15 9 shellOption "--version"
30:0 2 keyword "fi"
32:0 3 keyword "for"
32:4 4 variable[declaration] "item"
32:9 2 keyword "in"
32:20 1 number "3"
32:23 2 keyword "do"
33:2 2 operator "[["
33:5 5 variable "$item"
33:11 3 operator "-nt"
33:20 2 operator "]]"
33:23 2 operator "||"
33:26 8 keyword "continue"
33:35 1 number "2"
34:0 4 keyword "done"
35:0 3 keyword "for"
35:4 2 operator "(("
35:6 1 variable[declaration] "i"
35:8 1 operator "="
35:10 1 number "0"
35:11 1 operator ";"
35:13 1 variable "i"
35:15 1 operator "<"
35:17 5 variable "LIMIT"
35:22 1 operator ";"
35:24 1 variable "i"
35:25 2 operator "++"
35:27 2 operator "))"
35:31 2 keyword "do"
35:34 2 operator "(("
35:37 5 variable "total"
35:43 2 operator "+="
35:46 1 variable "i"
35:48 1 operator "*"
35:50 1 number "2"
35:52 2 operator "))"
35:54 1 operator ";"
35:56 5 keyword "break"
35:63 4 keyword "done"
36:0 5 keyword "while"
36:6 4 shellCommand[defaultLibrary] "read"
36:11 2 shellOption "-r"
36:14 4 variable[declaration] "line"
36:20 2 keyword "do"
36:23 4 shellCommand[defaultLibrary] "echo"
36:28 1 string "\""
36:29 5 variable "$line"
36:34 1 string "\""
36:37 4 keyword "done"
36:42 1 operator "<"
37:0 5 keyword "until"
37:6 5 shellCommand[defaultLibrary] "false"
37:13 2 keyword "do"
37:16 1 shellCommand[defaultLibrary] ":"
37:19 4 keyword "done"
38:0 6 keyword "select"
38:7 6 variable[declaration] "choice"
38:14 2 keyword "in"
38:22 2 keyword "do"
38:25 4 shellCommand[defaultLibrary] "echo"
38:30 1 string "\""
38:31 7 variable "$choice"
38:38 1 string "\""
38:41 4 keyword "done"
39:0 4 keyword "case"
39:5 5 variable "$item"
39:11 2 keyword "in"
40:2 1 operator "("
40:6 1 operator "|"
40:8 1 operator "*"
40:9 1 operator ")"
40:11 4 shellCommand[defaultLibrary] "echo"
40:20 2 operator ";;"
41:2 4 operator "[ab]"
41:6 1 operator "?"
41:7 1 operator ")"
41:9 4 shellCommand[defaultLibrary] "echo"
41:17 2 operator ";&"
42:2 2 operator "@("
42:7 1 operator ")"
42:8 1 operator ")"
42:10 4 shellCommand[defaultLibrary] "echo"
42:19 2 operator ";;"
43:2 1 operator "*"
43:3 1 operator ")"
43:5 2 operator ";;"
44:0 4 keyword "esac"
46:0 3 shellCommand "cat"
46:4 2 operator "<<"
46:6 3 string "EOF"
46:10 1 operator ">"
46:19 1 number "2"
46:20 2 operator ">&"
46:22 1 number "1"
47:0 5 string "body "
47:5 5 variable "$name"
47:10 1 string " "
47:11 2 operator "${"
47:13 4 variable "name"
47:17 2 operator ":-"
47:20 1 operator "}"
47:21 1 string " "
47:22 2 operator "$("
47:24 4 shellCommand "date"
47:28 1 operator ")"
47:29 1 string " "
47:30 3 operator "$(("
47:33 1 number "1"
47:35 1 operator "+"
47:37 1 number "2"
47:38 2 operator "))"
47:40 8 string " literal"
48:0 3 string "EOF"
49:0 3 shellCommand "cat"
49:4 3 operator "<<-"
49:7 5 string "'RAW'"
49:13 1 operator "|"
49:15 4 shellCommand "sort"
50:0 19 string "\tno $expansion here"
51:1 3 string "RAW"
52:0 3 shellCommand "cat"
52:4 3 operator "<<<"
52:8 13 string "\"here string "
52:21 5 variable "$name"
52:26 1 string "\""
52:28 2 operator "&>"
53:0 4 shellCommand[invalid] "exec"
53:6 2 variable[declaration] "fd"
53:9 1 operator ">"
54:0 4 shellCommand[invalid] "exec"
54:5 1 number "3"
54:6 2 operator ">&"
55:0 4 shellCommand "diff"
55:5 2 operator "<("
55:7 2 shellCommand "ls"
55:9 1 operator ")"
55:11 2 operator ">("
55:13 3 shellCommand "cat"
55:16 1 operator ")"
55:18 1 operator "&"
56:0 1 operator "!"
56:2 4 shellCommand "grep"
56:7 2 shellOption "-q"
57:0 7 shellCommand[defaultLibrary] "command"
57:8 2 shellOption "-v"
57:13 1 operator ";"
57:15 7 keyword[defaultLibrary] "builtin"
57:23 4 shellCommand[defaultLibrary] "echo"
57:30 1 operator ";"
57:32 4 keyword[defaultLibrary] "exec"
57:37 3 keyword[defaultLibrary] "env"
57:49 1 operator ";"
57:51 3 keyword[defaultLibrary] "env"
57:55 2 shellOption "-i"
58:0 4 keyword "time"
58:5 2 shellOption "-p"
58:8 5 shellCommand "sleep"
58:14 1 number "1"
59:0 6 keyword "coproc"
59:7 3 variable[declaration] "COP"
59:13 3 shellCommand "cat"
59:16 1 operator ";"
60:0 5 shellCommand[defaultLibrary] "alias"
60:6 2 shellAlias[declaration,definition] "ll"
60:9 7 string "'ls -l'"
61:0 7 shellCommand[defaultLibrary] "unalias"
61:8 2 shellAlias "ll"
62:0 3 shellCommand "git"
62:11 2 shellOption "-m"
62:14 14 string "\"message with "
62:28 2 operator "$("
62:30 3 shellCommand "git"
62:44 7 shellOption "--short"
62:56 1 operator ")"
62:57 1 string "\""
