0:0 18 comment "#!/usr/bin/env zsh"
1:0 56 comment "# zsh-specific surface: flags, modifiers, globs, blocks."
2:0 6 shellCommand[defaultLibrary] "setopt"
2:7 13 shellOption "extended_glob"
2:21 9 shellOption "null_glob"
3:0 8 shellCommand[defaultLibrary] "autoload"
3:9 3 shellOption "-Uz"
3:13 8 function[declaration] "compinit"
4:0 5 shellCommand[defaultLibrary] "alias"
4:6 2 shellOption "-g"
4:9 1 shellAlias[declaration,definition] "G"
4:11 8 string "'| grep'"
5:0 10 shellCommand[defaultLibrary] "unfunction"
5:11 10 function "old_helper"
7:0 8 keyword "function"
7:9 6 function[declaration,definition] "helper"
8:2 5 keyword "local"
8:8 2 shellOption "-a"
8:11 5 variable[declaration] "lines"
9:2 5 variable[declaration] "lines"
9:8 1 operator "("
9:9 2 operator "${"
9:11 3 operator "(f)"
9:14 1 string "\""
9:15 2 operator "$("
9:17 3 shellCommand "cat"
9:25 1 operator ")"
9:26 1 string "\""
9:27 1 operator "}"
9:28 1 operator ")"
10:2 5 shellCommand[defaultLibrary] "print"
10:8 2 shellOption "-l"
10:11 2 operator "${"
10:13 6 operator "(s/:/)"
10:19 4 variable "PATH"
10:23 1 operator "}"
10:25 2 operator "${"
10:27 4 variable "path"
10:31 1 operator "["
10:32 1 number "1"
10:33 1 operator "]"
10:34 1 operator "}"
10:36 2 operator "${"
10:38 1 operator "~"
10:39 7 variable "pattern"
10:46 1 operator "}"
10:48 2 operator "${"
10:50 1 operator "#"
10:51 5 variable "lines"
10:56 1 operator "}"
10:58 2 operator "${"
10:60 5 variable "lines"
10:65 2 operator ":h"
10:67 1 operator "}"
10:69 11 variable "$pipestatus"
10:80 1 operator "["
10:81 1 number "1"
10:82 1 operator "]"
13:0 2 operator "()"
13:5 4 shellCommand[defaultLibrary] "echo"
13:10 2 parameter "$1"
15:0 7 keyword "foreach"
15:8 4 variable[declaration] "file"
15:13 2 keyword "in"
16:0 2 keyword "do"
17:2 4 shellCommand[defaultLibrary] "echo"
17:7 5 variable "$file"
18:0 4 keyword "done"
20:0 6 keyword "repeat"
20:7 1 number "3"
20:9 2 keyword "do"
20:12 4 shellCommand[defaultLibrary] "echo"
20:24 4 keyword "done"
21:0 5 shellCommand[defaultLibrary] "print"
21:6 2 shellOption "-l"
21:9 1 operator "*"
21:10 3 operator "(.)"
21:25 5 variable "$path"
21:30 1 operator "["
21:31 1 number "1"
21:32 1 operator "]"
23:2 6 function "helper"
23:11 6 keyword "always"
23:20 4 shellCommand[defaultLibrary] "echo"
25:0 2 keyword "if"
25:3 2 operator "[["
25:6 2 operator "-d"
25:9 5 variable "$HOME"
25:15 2 operator "]]"
25:20 4 shellCommand[defaultLibrary] "echo"
26:0 7 keyword "typeset"
26:8 2 shellOption "-f"
26:11 6 function "helper"
