---
source: crates/shuck-linter/src/rules/portability/mod.rs
---
X012 use of `&>` is not portable in `sh`
 --> <source>:2:3
  |
2 | : &>out
  |

X012 use of `&>` is not portable in `sh`
 --> <source>:3:9
  |
3 | echo ok &> /dev/null
  |

X012 use of `&>` is not portable in `sh`
 --> <source>:4:10
  |
4 | echo foo1&>out
  |
