---
source: crates/shuck-linter/src/rules/portability/mod.rs
---
X046 extended glob syntax in test operands is not portable to POSIX sh
 --> <source>:2:16
  |
2 | if [[ $term == @(xterm|screen)* ]]; then :; fi
  |

X046 extended glob syntax in test operands is not portable to POSIX sh
 --> <source>:3:10
  |
3 | [ "$x" = @(foo|bar) ]
  |

X046 extended glob syntax in test operands is not portable to POSIX sh
 --> <source>:4:8
  |
4 | [ "$x" = (foo|bar)* ]
  |

X046 extended glob syntax in test operands is not portable to POSIX sh
 --> <source>:5:10
  |
5 | [ "$x" = @(foo) ]
  |

X046 extended glob syntax in test operands is not portable to POSIX sh
 --> <source>:6:10
  |
6 | [ "$x" = !(name) ]
  |
