---
source: crates/shuck-linter/src/rules/portability/mod.rs
---
X062 arithmetic `++` and `--` operators are not portable in `sh` scripts
 --> <source>:3:22
  |
3 | for ((i = 0; i < 3; i++)); do echo "$i"; done
  |

X062 arithmetic `++` and `--` operators are not portable in `sh` scripts
 --> <source>:4:3
  |
4 | ((++count))
  |

X062 arithmetic `++` and `--` operators are not portable in `sh` scripts
 --> <source>:5:15
  |
5 | echo "$((items--))"
  |
