---
source: crates/shuck-linter/src/rules/portability/mod.rs
assertion_line: 172
---
X040 pathname globs do not work as operands in `[ ... ]` tests
 --> <source>:2:6
  |
2 | if [ $tools[kops] ]; then :; fi
  |

X040 pathname globs do not work as operands in `[ ... ]` tests
 --> <source>:5:6
  |
5 | if [ \$tools[kops] ]; then :; fi
  |
