---
source: crates/shuck-linter/src/rules/portability/mod.rs
---
X078 this case pattern cannot match the case subject in this shell
 --> <source>:6:5
  |
6 |     install) echo installing ;;
  |

X078 this case pattern cannot match the case subject in this shell
  --> <source>:11:5
   |
11 |     " ") : ;;
   |
