---
source: crates/shuck-linter/src/rules/portability/mod.rs
---
X022 this builtin option is not portable in `sh` scripts
 --> <source>:2:6
  |
2 | read -p prompt name
  |

X022 this builtin option is not portable in `sh` scripts
 --> <source>:3:8
  |
3 | printf -v out '%s\n' foo
  |

X022 this builtin option is not portable in `sh` scripts
 --> <source>:4:8
  |
4 | export -fn greet
  |

X022 this builtin option is not portable in `sh` scripts
 --> <source>:5:16
  |
5 | command export -fn greet
  |

X022 this builtin option is not portable in `sh` scripts
 --> <source>:6:6
  |
6 | trap -p EXIT
  |

X022 this builtin option is not portable in `sh` scripts
 --> <source>:7:6
  |
7 | wait -n
  |

X022 this builtin option is not portable in `sh` scripts
 --> <source>:8:8
  |
8 | ulimit -n
  |

X022 this builtin option is not portable in `sh` scripts
 --> <source>:9:6
  |
9 | type -P printf
  |
